------------------------------------------------------------
Timing Analyzer Summary
------------------------------------------------------------

Type  : Slow 1200mV 85C Model Setup 'ADC_CLK_10'
Slack : -926.494
TNS   : -8337.622

Type  : Slow 1200mV 85C Model Setup 'vgaClock|altpll_component|auto_generated|pll1|clk[0]'
Slack : -115.402
TNS   : -700.937

Type  : Slow 1200mV 85C Model Setup 'MAX10_CLK1_50'
Slack : -64.422
TNS   : -65.245

Type  : Slow 1200mV 85C Model Setup 'video_sync_generator:display|VS'
Slack : -12.068
TNS   : -924.689

Type  : Slow 1200mV 85C Model Setup 'paddling|adc_mega_0|ADC_CTRL|adc_pll|auto_generated|pll1|clk[0]'
Slack : -10.627
TNS   : -62.591

Type  : Slow 1200mV 85C Model Hold 'video_sync_generator:display|VS'
Slack : 0.307
TNS   : 0.000

Type  : Slow 1200mV 85C Model Hold 'MAX10_CLK1_50'
Slack : 0.310
TNS   : 0.000

Type  : Slow 1200mV 85C Model Hold 'ADC_CLK_10'
Slack : 0.330
TNS   : 0.000

Type  : Slow 1200mV 85C Model Hold 'vgaClock|altpll_component|auto_generated|pll1|clk[0]'
Slack : 0.331
TNS   : 0.000

Type  : Slow 1200mV 85C Model Hold 'paddling|adc_mega_0|ADC_CTRL|adc_pll|auto_generated|pll1|clk[0]'
Slack : 4.756
TNS   : 0.000

Type  : Slow 1200mV 85C Model Minimum Pulse Width 'video_sync_generator:display|VS'
Slack : -1.222
TNS   : -168.636

Type  : Slow 1200mV 85C Model Minimum Pulse Width 'paddling|adc_mega_0|ADC_CTRL|adc_pll|auto_generated|pll1|clk[0]'
Slack : 4.375
TNS   : 0.000

Type  : Slow 1200mV 85C Model Minimum Pulse Width 'ADC_CLK_10'
Slack : 4.460
TNS   : 0.000

Type  : Slow 1200mV 85C Model Minimum Pulse Width 'MAX10_CLK1_50'
Slack : 9.559
TNS   : 0.000

Type  : Slow 1200mV 85C Model Minimum Pulse Width 'vgaClock|altpll_component|auto_generated|pll1|clk[0]'
Slack : 19.531
TNS   : 0.000

Type  : Slow 1200mV 0C Model Setup 'ADC_CLK_10'
Slack : -927.514
TNS   : -8346.858

Type  : Slow 1200mV 0C Model Setup 'vgaClock|altpll_component|auto_generated|pll1|clk[0]'
Slack : -104.273
TNS   : -632.147

Type  : Slow 1200mV 0C Model Setup 'MAX10_CLK1_50'
Slack : -56.475
TNS   : -56.954

Type  : Slow 1200mV 0C Model Setup 'video_sync_generator:display|VS'
Slack : -10.825
TNS   : -829.466

Type  : Slow 1200mV 0C Model Setup 'paddling|adc_mega_0|ADC_CTRL|adc_pll|auto_generated|pll1|clk[0]'
Slack : -9.134
TNS   : -53.635

Type  : Slow 1200mV 0C Model Hold 'video_sync_generator:display|VS'
Slack : 0.278
TNS   : 0.000

Type  : Slow 1200mV 0C Model Hold 'MAX10_CLK1_50'
Slack : 0.282
TNS   : 0.000

Type  : Slow 1200mV 0C Model Hold 'vgaClock|altpll_component|auto_generated|pll1|clk[0]'
Slack : 0.286
TNS   : 0.000

Type  : Slow 1200mV 0C Model Hold 'ADC_CLK_10'
Slack : 0.299
TNS   : 0.000

Type  : Slow 1200mV 0C Model Hold 'paddling|adc_mega_0|ADC_CTRL|adc_pll|auto_generated|pll1|clk[0]'
Slack : 3.345
TNS   : 0.000

Type  : Slow 1200mV 0C Model Minimum Pulse Width 'video_sync_generator:display|VS'
Slack : -1.222
TNS   : -168.636

Type  : Slow 1200mV 0C Model Minimum Pulse Width 'paddling|adc_mega_0|ADC_CTRL|adc_pll|auto_generated|pll1|clk[0]'
Slack : 4.379
TNS   : 0.000

Type  : Slow 1200mV 0C Model Minimum Pulse Width 'ADC_CLK_10'
Slack : 4.476
TNS   : 0.000

Type  : Slow 1200mV 0C Model Minimum Pulse Width 'MAX10_CLK1_50'
Slack : 9.575
TNS   : 0.000

Type  : Slow 1200mV 0C Model Minimum Pulse Width 'vgaClock|altpll_component|auto_generated|pll1|clk[0]'
Slack : 19.541
TNS   : 0.000

Type  : Fast 1200mV 0C Model Setup 'ADC_CLK_10'
Slack : -844.170
TNS   : -7597.130

Type  : Fast 1200mV 0C Model Setup 'vgaClock|altpll_component|auto_generated|pll1|clk[0]'
Slack : -56.097
TNS   : -340.911

Type  : Fast 1200mV 0C Model Setup 'MAX10_CLK1_50'
Slack : -21.122
TNS   : -21.122

Type  : Fast 1200mV 0C Model Setup 'video_sync_generator:display|VS'
Slack : -5.246
TNS   : -386.382

Type  : Fast 1200mV 0C Model Setup 'paddling|adc_mega_0|ADC_CTRL|adc_pll|auto_generated|pll1|clk[0]'
Slack : -3.725
TNS   : -21.748

Type  : Fast 1200mV 0C Model Hold 'paddling|adc_mega_0|ADC_CTRL|adc_pll|auto_generated|pll1|clk[0]'
Slack : -0.232
TNS   : -0.801

Type  : Fast 1200mV 0C Model Hold 'video_sync_generator:display|VS'
Slack : 0.140
TNS   : 0.000

Type  : Fast 1200mV 0C Model Hold 'MAX10_CLK1_50'
Slack : 0.142
TNS   : 0.000

Type  : Fast 1200mV 0C Model Hold 'ADC_CLK_10'
Slack : 0.152
TNS   : 0.000

Type  : Fast 1200mV 0C Model Hold 'vgaClock|altpll_component|auto_generated|pll1|clk[0]'
Slack : 0.166
TNS   : 0.000

Type  : Fast 1200mV 0C Model Minimum Pulse Width 'video_sync_generator:display|VS'
Slack : -1.000
TNS   : -138.000

Type  : Fast 1200mV 0C Model Minimum Pulse Width 'ADC_CLK_10'
Slack : 4.272
TNS   : 0.000

Type  : Fast 1200mV 0C Model Minimum Pulse Width 'paddling|adc_mega_0|ADC_CTRL|adc_pll|auto_generated|pll1|clk[0]'
Slack : 4.903
TNS   : 0.000

Type  : Fast 1200mV 0C Model Minimum Pulse Width 'MAX10_CLK1_50'
Slack : 9.304
TNS   : 0.000

Type  : Fast 1200mV 0C Model Minimum Pulse Width 'vgaClock|altpll_component|auto_generated|pll1|clk[0]'
Slack : 19.580
TNS   : 0.000

------------------------------------------------------------
