------------------------------------------------------------
Timing Analyzer Summary
------------------------------------------------------------

Type  : Slow 1200mV 85C Model Setup 'ADC_CLK_10'
Slack : -926.522
TNS   : -8337.977

Type  : Slow 1200mV 85C Model Setup 'paddling|adc_mega_0|ADC_CTRL|adc_pll|auto_generated|pll1|clk[0]'
Slack : -10.692
TNS   : -63.117

Type  : Slow 1200mV 85C Model Setup 'vgaClock|altpll_component|auto_generated|pll1|clk[0]'
Slack : -5.663
TNS   : -64.164

Type  : Slow 1200mV 85C Model Setup 'video_sync_generator:display|VS'
Slack : -5.494
TNS   : -149.720

Type  : Slow 1200mV 85C Model Setup 'MAX10_CLK1_50'
Slack : -2.909
TNS   : -11.143

Type  : Slow 1200mV 85C Model Hold 'ADC_CLK_10'
Slack : 0.220
TNS   : 0.000

Type  : Slow 1200mV 85C Model Hold 'video_sync_generator:display|VS'
Slack : 0.309
TNS   : 0.000

Type  : Slow 1200mV 85C Model Hold 'MAX10_CLK1_50'
Slack : 0.325
TNS   : 0.000

Type  : Slow 1200mV 85C Model Hold 'vgaClock|altpll_component|auto_generated|pll1|clk[0]'
Slack : 0.577
TNS   : 0.000

Type  : Slow 1200mV 85C Model Hold 'paddling|adc_mega_0|ADC_CTRL|adc_pll|auto_generated|pll1|clk[0]'
Slack : 4.970
TNS   : 0.000

Type  : Slow 1200mV 85C Model Minimum Pulse Width 'video_sync_generator:display|VS'
Slack : -1.222
TNS   : -59.878

Type  : Slow 1200mV 85C Model Minimum Pulse Width 'paddling|adc_mega_0|ADC_CTRL|adc_pll|auto_generated|pll1|clk[0]'
Slack : 4.375
TNS   : 0.000

Type  : Slow 1200mV 85C Model Minimum Pulse Width 'ADC_CLK_10'
Slack : 4.460
TNS   : 0.000

Type  : Slow 1200mV 85C Model Minimum Pulse Width 'MAX10_CLK1_50'
Slack : 9.572
TNS   : 0.000

Type  : Slow 1200mV 85C Model Minimum Pulse Width 'vgaClock|altpll_component|auto_generated|pll1|clk[0]'
Slack : 19.532
TNS   : 0.000

Type  : Slow 1200mV 0C Model Setup 'ADC_CLK_10'
Slack : -927.541
TNS   : -8347.197

Type  : Slow 1200mV 0C Model Setup 'paddling|adc_mega_0|ADC_CTRL|adc_pll|auto_generated|pll1|clk[0]'
Slack : -9.208
TNS   : -54.205

Type  : Slow 1200mV 0C Model Setup 'video_sync_generator:display|VS'
Slack : -4.871
TNS   : -131.855

Type  : Slow 1200mV 0C Model Setup 'vgaClock|altpll_component|auto_generated|pll1|clk[0]'
Slack : -4.714
TNS   : -52.018

Type  : Slow 1200mV 0C Model Setup 'MAX10_CLK1_50'
Slack : -2.515
TNS   : -9.632

Type  : Slow 1200mV 0C Model Hold 'ADC_CLK_10'
Slack : 0.216
TNS   : 0.000

Type  : Slow 1200mV 0C Model Hold 'video_sync_generator:display|VS'
Slack : 0.281
TNS   : 0.000

Type  : Slow 1200mV 0C Model Hold 'MAX10_CLK1_50'
Slack : 0.295
TNS   : 0.000

Type  : Slow 1200mV 0C Model Hold 'vgaClock|altpll_component|auto_generated|pll1|clk[0]'
Slack : 0.514
TNS   : 0.000

Type  : Slow 1200mV 0C Model Hold 'paddling|adc_mega_0|ADC_CTRL|adc_pll|auto_generated|pll1|clk[0]'
Slack : 3.554
TNS   : 0.000

Type  : Slow 1200mV 0C Model Minimum Pulse Width 'video_sync_generator:display|VS'
Slack : -1.222
TNS   : -59.878

Type  : Slow 1200mV 0C Model Minimum Pulse Width 'paddling|adc_mega_0|ADC_CTRL|adc_pll|auto_generated|pll1|clk[0]'
Slack : 4.379
TNS   : 0.000

Type  : Slow 1200mV 0C Model Minimum Pulse Width 'ADC_CLK_10'
Slack : 4.476
TNS   : 0.000

Type  : Slow 1200mV 0C Model Minimum Pulse Width 'MAX10_CLK1_50'
Slack : 9.588
TNS   : 0.000

Type  : Slow 1200mV 0C Model Minimum Pulse Width 'vgaClock|altpll_component|auto_generated|pll1|clk[0]'
Slack : 19.544
TNS   : 0.000

Type  : Fast 1200mV 0C Model Setup 'ADC_CLK_10'
Slack : -844.182
TNS   : -7597.288

Type  : Fast 1200mV 0C Model Setup 'paddling|adc_mega_0|ADC_CTRL|adc_pll|auto_generated|pll1|clk[0]'
Slack : -3.816
TNS   : -22.115

Type  : Fast 1200mV 0C Model Setup 'vgaClock|altpll_component|auto_generated|pll1|clk[0]'
Slack : -2.736
TNS   : -29.746

Type  : Fast 1200mV 0C Model Setup 'video_sync_generator:display|VS'
Slack : -2.141
TNS   : -47.632

Type  : Fast 1200mV 0C Model Setup 'MAX10_CLK1_50'
Slack : -0.943
TNS   : -3.456

Type  : Fast 1200mV 0C Model Hold 'paddling|adc_mega_0|ADC_CTRL|adc_pll|auto_generated|pll1|clk[0]'
Slack : -0.255
TNS   : -0.804

Type  : Fast 1200mV 0C Model Hold 'ADC_CLK_10'
Slack : 0.099
TNS   : 0.000

Type  : Fast 1200mV 0C Model Hold 'video_sync_generator:display|VS'
Slack : 0.141
TNS   : 0.000

Type  : Fast 1200mV 0C Model Hold 'MAX10_CLK1_50'
Slack : 0.148
TNS   : 0.000

Type  : Fast 1200mV 0C Model Hold 'vgaClock|altpll_component|auto_generated|pll1|clk[0]'
Slack : 0.279
TNS   : 0.000

Type  : Fast 1200mV 0C Model Minimum Pulse Width 'video_sync_generator:display|VS'
Slack : -1.000
TNS   : -49.000

Type  : Fast 1200mV 0C Model Minimum Pulse Width 'ADC_CLK_10'
Slack : 4.272
TNS   : 0.000

Type  : Fast 1200mV 0C Model Minimum Pulse Width 'paddling|adc_mega_0|ADC_CTRL|adc_pll|auto_generated|pll1|clk[0]'
Slack : 4.903
TNS   : 0.000

Type  : Fast 1200mV 0C Model Minimum Pulse Width 'MAX10_CLK1_50'
Slack : 9.327
TNS   : 0.000

Type  : Fast 1200mV 0C Model Minimum Pulse Width 'vgaClock|altpll_component|auto_generated|pll1|clk[0]'
Slack : 19.583
TNS   : 0.000

------------------------------------------------------------
