------------------------------------------------------------
Timing Analyzer Summary
------------------------------------------------------------

Type  : Slow 1200mV 85C Model Setup 'ADC_CLK_10'
Slack : -926.599
TNS   : -8338.555

Type  : Slow 1200mV 85C Model Setup 'paddling|adc_mega_0|ADC_CTRL|adc_pll|auto_generated|pll1|clk[0]'
Slack : -10.577
TNS   : -62.590

Type  : Slow 1200mV 85C Model Setup 'video_sync_generator:display|VS'
Slack : -4.974
TNS   : -143.422

Type  : Slow 1200mV 85C Model Setup 'vgaClock|altpll_component|auto_generated|pll1|clk[0]'
Slack : 16.579
TNS   : 0.000

Type  : Slow 1200mV 85C Model Setup 'MAX10_CLK1_50'
Slack : 18.678
TNS   : 0.000

Type  : Slow 1200mV 85C Model Hold 'ADC_CLK_10'
Slack : 0.286
TNS   : 0.000

Type  : Slow 1200mV 85C Model Hold 'video_sync_generator:display|VS'
Slack : 0.315
TNS   : 0.000

Type  : Slow 1200mV 85C Model Hold 'MAX10_CLK1_50'
Slack : 0.331
TNS   : 0.000

Type  : Slow 1200mV 85C Model Hold 'vgaClock|altpll_component|auto_generated|pll1|clk[0]'
Slack : 0.478
TNS   : 0.000

Type  : Slow 1200mV 85C Model Hold 'paddling|adc_mega_0|ADC_CTRL|adc_pll|auto_generated|pll1|clk[0]'
Slack : 4.958
TNS   : 0.000

Type  : Slow 1200mV 85C Model Minimum Pulse Width 'video_sync_generator:display|VS'
Slack : -1.222
TNS   : -59.878

Type  : Slow 1200mV 85C Model Minimum Pulse Width 'paddling|adc_mega_0|ADC_CTRL|adc_pll|auto_generated|pll1|clk[0]'
Slack : 4.375
TNS   : 0.000

Type  : Slow 1200mV 85C Model Minimum Pulse Width 'ADC_CLK_10'
Slack : 4.461
TNS   : 0.000

Type  : Slow 1200mV 85C Model Minimum Pulse Width 'MAX10_CLK1_50'
Slack : 9.564
TNS   : 0.000

Type  : Slow 1200mV 85C Model Minimum Pulse Width 'vgaClock|altpll_component|auto_generated|pll1|clk[0]'
Slack : 19.643
TNS   : 0.000

Type  : Slow 1200mV 0C Model Setup 'ADC_CLK_10'
Slack : -927.607
TNS   : -8347.708

Type  : Slow 1200mV 0C Model Setup 'paddling|adc_mega_0|ADC_CTRL|adc_pll|auto_generated|pll1|clk[0]'
Slack : -9.088
TNS   : -53.706

Type  : Slow 1200mV 0C Model Setup 'video_sync_generator:display|VS'
Slack : -4.437
TNS   : -125.691

Type  : Slow 1200mV 0C Model Setup 'vgaClock|altpll_component|auto_generated|pll1|clk[0]'
Slack : 16.859
TNS   : 0.000

Type  : Slow 1200mV 0C Model Setup 'MAX10_CLK1_50'
Slack : 18.804
TNS   : 0.000

Type  : Slow 1200mV 0C Model Hold 'ADC_CLK_10'
Slack : 0.277
TNS   : 0.000

Type  : Slow 1200mV 0C Model Hold 'video_sync_generator:display|VS'
Slack : 0.286
TNS   : 0.000

Type  : Slow 1200mV 0C Model Hold 'MAX10_CLK1_50'
Slack : 0.300
TNS   : 0.000

Type  : Slow 1200mV 0C Model Hold 'vgaClock|altpll_component|auto_generated|pll1|clk[0]'
Slack : 0.406
TNS   : 0.000

Type  : Slow 1200mV 0C Model Hold 'paddling|adc_mega_0|ADC_CTRL|adc_pll|auto_generated|pll1|clk[0]'
Slack : 3.586
TNS   : 0.000

Type  : Slow 1200mV 0C Model Minimum Pulse Width 'video_sync_generator:display|VS'
Slack : -1.222
TNS   : -59.878

Type  : Slow 1200mV 0C Model Minimum Pulse Width 'paddling|adc_mega_0|ADC_CTRL|adc_pll|auto_generated|pll1|clk[0]'
Slack : 4.379
TNS   : 0.000

Type  : Slow 1200mV 0C Model Minimum Pulse Width 'ADC_CLK_10'
Slack : 4.477
TNS   : 0.000

Type  : Slow 1200mV 0C Model Minimum Pulse Width 'MAX10_CLK1_50'
Slack : 9.587
TNS   : 0.000

Type  : Slow 1200mV 0C Model Minimum Pulse Width 'vgaClock|altpll_component|auto_generated|pll1|clk[0]'
Slack : 19.592
TNS   : 0.000

Type  : Fast 1200mV 0C Model Setup 'ADC_CLK_10'
Slack : -844.208
TNS   : -7597.530

Type  : Fast 1200mV 0C Model Setup 'paddling|adc_mega_0|ADC_CTRL|adc_pll|auto_generated|pll1|clk[0]'
Slack : -3.714
TNS   : -21.704

Type  : Fast 1200mV 0C Model Setup 'video_sync_generator:display|VS'
Slack : -1.852
TNS   : -43.907

Type  : Fast 1200mV 0C Model Setup 'vgaClock|altpll_component|auto_generated|pll1|clk[0]'
Slack : 18.253
TNS   : 0.000

Type  : Fast 1200mV 0C Model Setup 'MAX10_CLK1_50'
Slack : 19.373
TNS   : 0.000

Type  : Fast 1200mV 0C Model Hold 'paddling|adc_mega_0|ADC_CTRL|adc_pll|auto_generated|pll1|clk[0]'
Slack : -0.262
TNS   : -0.791

Type  : Fast 1200mV 0C Model Hold 'ADC_CLK_10'
Slack : 0.128
TNS   : 0.000

Type  : Fast 1200mV 0C Model Hold 'video_sync_generator:display|VS'
Slack : 0.145
TNS   : 0.000

Type  : Fast 1200mV 0C Model Hold 'MAX10_CLK1_50'
Slack : 0.153
TNS   : 0.000

Type  : Fast 1200mV 0C Model Hold 'vgaClock|altpll_component|auto_generated|pll1|clk[0]'
Slack : 0.233
TNS   : 0.000

Type  : Fast 1200mV 0C Model Minimum Pulse Width 'video_sync_generator:display|VS'
Slack : -1.000
TNS   : -49.000

Type  : Fast 1200mV 0C Model Minimum Pulse Width 'ADC_CLK_10'
Slack : 4.272
TNS   : 0.000

Type  : Fast 1200mV 0C Model Minimum Pulse Width 'paddling|adc_mega_0|ADC_CTRL|adc_pll|auto_generated|pll1|clk[0]'
Slack : 4.903
TNS   : 0.000

Type  : Fast 1200mV 0C Model Minimum Pulse Width 'MAX10_CLK1_50'
Slack : 9.315
TNS   : 0.000

Type  : Fast 1200mV 0C Model Minimum Pulse Width 'vgaClock|altpll_component|auto_generated|pll1|clk[0]'
Slack : 19.652
TNS   : 0.000

------------------------------------------------------------
