Flow report for city2077-blink
Fri Apr 18 18:02:04 2025
Quartus Prime Version 20.1.1 Build 720 11/11/2020 SJ Lite Edition


---------------------
; Table of Contents ;
---------------------
  1. Legal Notice
  2. Flow Summary
  3. Flow Settings
  4. Flow Non-Default Global Settings
  5. Flow Elapsed Time
  6. Flow OS Summary
  7. Flow Log
  8. Flow Messages
  9. Flow Suppressed Messages



----------------
; Legal Notice ;
----------------
Copyright (C) 2020  Intel Corporation. All rights reserved.
Your use of Intel Corporation's design tools, logic functions 
and other software and tools, and any partner logic 
functions, and any output files from any of the foregoing 
(including device programming or simulation files), and any 
associated documentation or information are expressly subject 
to the terms and conditions of the Intel Program License 
Subscription Agreement, the Intel Quartus Prime License Agreement,
the Intel FPGA IP License Agreement, or other applicable license
agreement, including, without limitation, that your use is for
the sole purpose of programming logic devices manufactured by
Intel and sold by Intel or its authorized distributors.  Please
refer to the applicable agreement for further details, at
https://fpgasoftware.intel.com/eula.



+----------------------------------------------------------------------------------+
; Flow Summary                                                                     ;
+------------------------------------+---------------------------------------------+
; Flow Status                        ; Successful - Fri Apr 18 18:01:43 2025       ;
; Quartus Prime Version              ; 20.1.1 Build 720 11/11/2020 SJ Lite Edition ;
; Revision Name                      ; city2077-blink                              ;
; Top-level Entity Name              ; city2077_blink                              ;
; Family                             ; MAX 10                                      ;
; Device                             ; 10M50DAF484C6GES                            ;
; Timing Models                      ; Preliminary                                 ;
; Total logic elements               ; 14,092 / 49,760 ( 28 % )                    ;
;     Total combinational functions  ; 14,052 / 49,760 ( 28 % )                    ;
;     Dedicated logic registers      ; 483 / 49,760 ( < 1 % )                      ;
; Total registers                    ; 483                                         ;
; Total pins                         ; 138 / 360 ( 38 % )                          ;
; Total virtual pins                 ; 0                                           ;
; Total memory bits                  ; 82,496 / 1,677,312 ( 5 % )                  ;
; Embedded Multiplier 9-bit elements ; 0 / 288 ( 0 % )                             ;
; Total PLLs                         ; 2 / 4 ( 50 % )                              ;
; UFM blocks                         ; 0 / 1 ( 0 % )                               ;
; ADC blocks                         ; 1 / 2 ( 50 % )                              ;
+------------------------------------+---------------------------------------------+


+-----------------------------------------+
; Flow Settings                           ;
+-------------------+---------------------+
; Option            ; Setting             ;
+-------------------+---------------------+
; Start date & time ; 04/18/2025 17:57:28 ;
; Main task         ; Compilation         ;
; Revision Name     ; city2077-blink      ;
+-------------------+---------------------+


+-----------------------------------------------------------------------------------------------------------------------------------------------+
; Flow Non-Default Global Settings                                                                                                              ;
+-------------------------------------+----------------------------------------------------------+----------------+----------------+------------+
; Assignment Name                     ; Value                                                    ; Default Value  ; Entity Name    ; Section Id ;
+-------------------------------------+----------------------------------------------------------+----------------+----------------+------------+
; COMPILER_SIGNATURE_ID               ; 181161466796560.174499544838440                          ; --             ; --             ; --         ;
; MAX_CORE_JUNCTION_TEMP              ; 85                                                       ; --             ; --             ; --         ;
; MIN_CORE_JUNCTION_TEMP              ; 0                                                        ; --             ; --             ; --         ;
; MISC_FILE                           ; vidmem.cmp                                               ; --             ; --             ; --         ;
; MISC_FILE                           ; charrom.cmp                                              ; --             ; --             ; --         ;
; MISC_FILE                           ; paddle/synthesis/../paddle.cmp                           ; --             ; --             ; --         ;
; MISC_FILE                           ; paddle/synthesis/../../paddle.qsys                       ; --             ; --             ; --         ;
; MISC_FILE                           ; vgaClockPLL_inst.v                                       ; --             ; --             ; --         ;
; MISC_FILE                           ; vgaClockPLL_bb.v                                         ; --             ; --             ; --         ;
; MISC_FILE                           ; vgaClockPLL.cmp                                          ; --             ; --             ; --         ;
; MISC_FILE                           ; vgaClockPLL.ppf                                          ; --             ; --             ; --         ;
; MISC_FILE                           ; videoram.cmp                                             ; --             ; --             ; --         ;
; MISC_FILE                           ; charrom1_bb.v                                            ; --             ; --             ; --         ;
; MISC_FILE                           ; charrom1.cmp                                             ; --             ; --             ; --         ;
; MISC_FILE                           ; soundrom_inst.vhd                                        ; --             ; --             ; --         ;
; MISC_FILE                           ; soundrom.cmp                                             ; --             ; --             ; --         ;
; OUTPUT_IO_TIMING_FAR_END_VMEAS      ; Half Signal Swing                                        ; --             ; --             ; --         ;
; OUTPUT_IO_TIMING_FAR_END_VMEAS      ; Half Signal Swing                                        ; --             ; --             ; --         ;
; OUTPUT_IO_TIMING_NEAR_END_VMEAS     ; Half Vccio                                               ; --             ; --             ; --         ;
; OUTPUT_IO_TIMING_NEAR_END_VMEAS     ; Half Vccio                                               ; --             ; --             ; --         ;
; PARTITION_COLOR                     ; -- (Not supported for targeted family)                   ; --             ; city2077_blink ; Top        ;
; PARTITION_FITTER_PRESERVATION_LEVEL ; -- (Not supported for targeted family)                   ; --             ; city2077_blink ; Top        ;
; PARTITION_NETLIST_TYPE              ; -- (Not supported for targeted family)                   ; --             ; city2077_blink ; Top        ;
; POWER_BOARD_THERMAL_MODEL           ; None (CONSERVATIVE)                                      ; --             ; --             ; --         ;
; POWER_PRESET_COOLING_SOLUTION       ; 23 MM HEAT SINK WITH 200 LFPM AIRFLOW                    ; --             ; --             ; --         ;
; PROJECT_OUTPUT_DIRECTORY            ; output_files                                             ; --             ; --             ; --         ;
; SLD_FILE                            ; paddle/synthesis/paddle.debuginfo                        ; --             ; --             ; --         ;
; SLD_INFO                            ; QSYS_NAME paddle HAS_SOPCINFO 1 GENERATION_ID 1741267815 ; --             ; paddle         ; --         ;
; SOPCINFO_FILE                       ; paddle/synthesis/../../paddle.sopcinfo                   ; --             ; --             ; --         ;
; SYNTHESIS_ONLY_QIP                  ; On                                                       ; --             ; --             ; --         ;
; TOP_LEVEL_ENTITY                    ; city2077_blink                                           ; city2077-blink ; --             ; --         ;
+-------------------------------------+----------------------------------------------------------+----------------+----------------+------------+


+--------------------------------------------------------------------------------------------------------------------------+
; Flow Elapsed Time                                                                                                        ;
+----------------------+--------------+-------------------------+---------------------+------------------------------------+
; Module Name          ; Elapsed Time ; Average Processors Used ; Peak Virtual Memory ; Total CPU Time (on all processors) ;
+----------------------+--------------+-------------------------+---------------------+------------------------------------+
; Analysis & Synthesis ; 00:01:02     ; 1.0                     ; 4991 MB             ; 00:01:29                           ;
; Fitter               ; 00:02:58     ; 1.6                     ; 5932 MB             ; 00:09:04                           ;
; Assembler            ; 00:00:07     ; 1.0                     ; 4731 MB             ; 00:00:07                           ;
; Timing Analyzer      ; 00:00:18     ; 3.4                     ; 4942 MB             ; 00:00:57                           ;
; Total                ; 00:04:25     ; --                      ; --                  ; 00:11:37                           ;
+----------------------+--------------+-------------------------+---------------------+------------------------------------+


+------------------------------------------------------------------------------------+
; Flow OS Summary                                                                    ;
+----------------------+------------------+------------+------------+----------------+
; Module Name          ; Machine Hostname ; OS Name    ; OS Version ; Processor type ;
+----------------------+------------------+------------+------------+----------------+
; Analysis & Synthesis ; Laptop1          ; Windows 10 ; 10.0       ; x86_64         ;
; Fitter               ; Laptop1          ; Windows 10 ; 10.0       ; x86_64         ;
; Assembler            ; Laptop1          ; Windows 10 ; 10.0       ; x86_64         ;
; Timing Analyzer      ; Laptop1          ; Windows 10 ; 10.0       ; x86_64         ;
+----------------------+------------------+------------+------------+----------------+


------------
; Flow Log ;
------------
quartus_map --read_settings_files=on --write_settings_files=off city2077-blink -c city2077-blink
quartus_fit --read_settings_files=off --write_settings_files=off city2077-blink -c city2077-blink
quartus_asm --read_settings_files=off --write_settings_files=off city2077-blink -c city2077-blink
quartus_sta city2077-blink -c city2077-blink



